// Jest Snapshot v1, https://goo.gl/fbAQLP

exports[`Pruebas en <Home/> Guardar el snapshot 1`] = `
<Provider
  store={
    Object {
      "dispatch": [Function],
      "getState": [Function],
      "replaceReducer": [Function],
      "subscribe": [Function],
      Symbol(observable): [Function],
    }
  }
>
  <Header />
  <GreyBlocks />
</Provider>
`;
